// Jest Snapshot v1, https://goo.gl/fbAQLP

exports[`<TableDeck /> should match the snapshot 1`] = `
<section
  className="TableDeck"
>
  <Connect(Notification) />
  <Connect(VictoryCards)
    buyCard={[Function]}
  />
  <Connect(ActionCards)
    buyCard={[Function]}
  />
  <Connect(TreasureCards)
    buyCard={[Function]}
  />
</section>
`;
