// Jest Snapshot v1, https://goo.gl/fbAQLP

exports[`<PlayerSection /> should match the snapshot 1`] = `
<section
  className="PlayerSection"
>
  <Connect(ActivatedCards) />
  <Connect(PlayerDeck) />
  <Connect(PlayerHand) />
  <DiscardPile />
  <button
    className="end-turn"
    onClick={[Function]}
  >
    End Turn
  </button>
</section>
`;
