// Jest Snapshot v1, https://goo.gl/fbAQLP

exports[`<Victory /> should match the snapshot 1`] = `
<section
  className="VictoryCards"
>
  <Card
    cost={2}
    id={6123}
    image="Estate.jpg"
    key="6123"
    name="Estate"
    type={
      Array [
        "Victory",
      ]
    }
  />
  <Card
    cost={5}
    id={1344}
    image="Duchy.jpg"
    key="1344"
    name="Duchy"
    type={
      Array [
        "Victory",
      ]
    }
  />
  <Card
    cost={8}
    id={3781}
    image="Province.jpg"
    key="3781"
    name="Province"
    type={
      Array [
        "Victory",
      ]
    }
  />
</section>
`;
