// Jest Snapshot v1, https://goo.gl/fbAQLP

exports[`<ActivatedCards /> should match the snapshot 1`] = `
<section
  className="ActivatedCards"
>
  <Card
    category={
      Array [
        "Action",
      ]
    }
    cost={3}
    desc=""
    id={1231}
    image="Village.jpg"
    key="1231"
    name="Village"
  />
  <Card
    category={
      Array [
        "Action",
        "Attack",
      ]
    }
    cost={4}
    desc="Each other player discards down to 3 cards in his hand."
    id={1391}
    image="Militia.jpg"
    key="1391"
    name="Militia"
  />
  <Card
    category={
      Array [
        "Action",
      ]
    }
    cost={4}
    desc=""
    id={9531}
    image="Smithy.jpg"
    key="9531"
    name="Smithy"
  />
  <Card
    category={
      Array [
        "Action",
      ]
    }
    cost={5}
    desc=""
    id={1532}
    image="Market.jpg"
    key="1532"
    name="Market"
  />
  <Card
    category={
      Array [
        "Action",
      ]
    }
    cost={5}
    desc="Trash a treasure Card from your hand. Gain a treasure card costing up to 3 treasure more; put it in your hand."
    id={1522}
    image="Mine.jpg"
    key="1522"
    name="Mine"
  />
  <Card
    category={
      Array [
        "Action",
      ]
    }
    cost={4}
    desc="Trash a card from your hand. Gain a card costing up to 2 treasure more than the trashed card."
    id={3333}
    image="Remodel.jpg"
    key="3333"
    name="Remodel"
  />
  <Card
    category={
      Array [
        "Action",
      ]
    }
    cost={2}
    desc="Discard any number of cards. +1 Card per card discarded."
    id={9831}
    image="Cellar.jpg"
    key="9831"
    name="Cellar"
  />
  <Card
    category={
      Array [
        "Action",
        "Reaction",
      ]
    }
    cost={2}
    desc="When another player plays an Attack card, you may reveal this from your hand. If you do, you are unaffected by that attack."
    id={1938}
    image="Moat.jpg"
    key="1938"
    name="Moat"
  />
  <Card
    category={
      Array [
        "Action",
      ]
    }
    cost={3}
    desc=""
    id={9781}
    image="WoodCutter.jpg"
    key="9781"
    name="WoodCutter"
  />
  <Card
    category={
      Array [
        "Action",
      ]
    }
    cost={3}
    desc="Gain a card costing up to 4 treasure."
    id={1333}
    image="Workshop.jpg"
    key="1333"
    name="WorkShop"
  />
  <Card
    category={
      Array [
        "Treasure",
      ]
    }
    cost={6}
    id={1515}
    image="Gold.jpg"
    key="1515"
    name="Gold"
  />
  <Card
    category={
      Array [
        "Treasure",
      ]
    }
    cost={3}
    id={8923}
    image="Silver.jpg"
    key="8923"
    name="Silver"
  />
  <Card
    category={
      Array [
        "Treasure",
      ]
    }
    cost={0}
    id={1113}
    image="Copper.jpg"
    key="1113"
    name="Copper"
  />
  <Card
    category={
      Array [
        "Victory",
      ]
    }
    cost={2}
    id={6123}
    image="Estate.jpg"
    key="6123"
    name="Estate"
  />
  <Card
    category={
      Array [
        "Victory",
      ]
    }
    cost={5}
    id={1344}
    image="Duchy.jpg"
    key="1344"
    name="Duchy"
  />
  <Card
    category={
      Array [
        "Victory",
      ]
    }
    cost={8}
    id={3781}
    image="Province.jpg"
    key="3781"
    name="Province"
  />
</section>
`;
