// Jest Snapshot v1, https://goo.gl/fbAQLP

exports[`<TreasureCard /> should match the snapshot 1`] = `
<section
  className="TreasureCards"
>
  <Card
    cost={6}
    id={1515}
    image="Gold.jpg"
    key="1515"
    name="Gold"
    type={
      Array [
        "Treasure",
      ]
    }
  />
  <Card
    cost={3}
    id={8923}
    image="Silver.jpg"
    key="8923"
    name="Silver"
    type={
      Array [
        "Treasure",
      ]
    }
  />
  <Card
    cost={0}
    id={1113}
    image="Copper.jpg"
    key="1113"
    name="Copper"
    type={
      Array [
        "Treasure",
      ]
    }
  />
</section>
`;
